<?php return array (
  0 => 'Symfony\\Component\\HttpKernel\\EventListener\\SessionListener',
  1 => 'Symfony\\Component\\HttpFoundation\\Session\\Storage\\NativeSessionStorage',
  2 => 'Symfony\\Component\\HttpFoundation\\Session\\Storage\\PhpBridgeSessionStorage',
  3 => 'Symfony\\Component\\HttpFoundation\\Session\\Storage\\Handler\\NativeFileSessionHandler',
  4 => 'Symfony\\Component\\HttpFoundation\\Session\\Storage\\Proxy\\AbstractProxy',
  5 => 'Symfony\\Component\\HttpFoundation\\Session\\Storage\\Proxy\\SessionHandlerProxy',
  6 => 'Symfony\\Component\\HttpFoundation\\Session\\Session',
  8 => 'Symfony\\Component\\Cache\\Adapter\\ApcuAdapter',
  9 => 'Symfony\\Component\\Cache\\Adapter\\FilesystemAdapter',
  10 => 'Symfony\\Component\\Cache\\CacheItem',
  11 => 'Symfony\\Component\\Routing\\Generator\\UrlGenerator',
  12 => 'Symfony\\Component\\Routing\\RequestContext',
  13 => 'Symfony\\Component\\Routing\\Router',
  14 => 'Symfony\\Bundle\\FrameworkBundle\\Routing\\RedirectableUrlMatcher',
  15 => 'Symfony\\Bundle\\FrameworkBundle\\Routing\\Router',
  16 => 'Symfony\\Component\\Cache\\Adapter\\PhpArrayAdapter',
  17 => 'Symfony\\Component\\Cache\\DoctrineProvider',
  18 => 'Symfony\\Component\\Config\\ConfigCache',
  19 => 'Symfony\\Component\\Config\\FileLocator',
  20 => 'Symfony\\Component\\Debug\\ErrorHandler',
  21 => 'Symfony\\Component\\DependencyInjection\\ContainerAwareInterface',
  22 => 'Symfony\\Component\\DependencyInjection\\Container',
  23 => 'Symfony\\Component\\EventDispatcher\\Event',
  24 => 'Symfony\\Component\\EventDispatcher\\ContainerAwareEventDispatcher',
  25 => 'Symfony\\Component\\HttpKernel\\EventListener\\ResponseListener',
  26 => 'Symfony\\Component\\HttpKernel\\EventListener\\RouterListener',
  27 => 'Symfony\\Component\\HttpKernel\\Bundle\\Bundle',
  28 => 'Symfony\\Component\\HttpKernel\\Controller\\ControllerResolver',
  29 => 'Symfony\\Component\\HttpKernel\\Controller\\ArgumentResolver',
  30 => 'Symfony\\Component\\HttpKernel\\ControllerMetadata\\ArgumentMetadata',
  31 => 'Symfony\\Component\\HttpKernel\\ControllerMetadata\\ArgumentMetadataFactory',
  32 => 'Symfony\\Component\\HttpKernel\\Event\\KernelEvent',
  33 => 'Symfony\\Component\\HttpKernel\\Event\\FilterControllerEvent',
  34 => 'Symfony\\Component\\HttpKernel\\Event\\FilterResponseEvent',
  35 => 'Symfony\\Component\\HttpKernel\\Event\\GetResponseEvent',
  36 => 'Symfony\\Component\\HttpKernel\\Event\\GetResponseForControllerResultEvent',
  37 => 'Symfony\\Component\\HttpKernel\\Event\\GetResponseForExceptionEvent',
  38 => 'Symfony\\Component\\HttpKernel\\HttpKernel',
  39 => 'Symfony\\Component\\HttpKernel\\KernelEvents',
  40 => 'Symfony\\Component\\HttpKernel\\Config\\FileLocator',
  41 => 'Symfony\\Bundle\\FrameworkBundle\\Controller\\ControllerNameParser',
  42 => 'Symfony\\Bundle\\FrameworkBundle\\Controller\\ControllerResolver',
  43 => 'Symfony\\Component\\Security\\Http\\AccessMap',
  44 => 'Symfony\\Component\\Security\\Http\\Firewall',
  45 => 'Symfony\\Component\\Security\\Core\\User\\UserProviderInterface',
  46 => 'Symfony\\Component\\Security\\Core\\Authentication\\AuthenticationProviderManager',
  47 => 'Symfony\\Component\\Security\\Core\\Authentication\\Token\\Storage\\TokenStorage',
  48 => 'Symfony\\Component\\Security\\Core\\Authorization\\AccessDecisionManager',
  49 => 'Symfony\\Component\\Security\\Core\\Authorization\\AuthorizationChecker',
  50 => 'Symfony\\Component\\Security\\Core\\Authorization\\Voter\\VoterInterface',
  51 => 'Symfony\\Bundle\\SecurityBundle\\Security\\FirewallConfig',
  52 => 'Symfony\\Bundle\\SecurityBundle\\Security\\FirewallContext',
  53 => 'Symfony\\Component\\HttpFoundation\\RequestMatcher',
  54 => 'Twig_Environment',
  55 => 'Twig_Extension',
  56 => 'Twig_Extension_Core',
  57 => 'Twig_Extension_Escaper',
  58 => 'Twig_Extension_Optimizer',
  59 => 'Twig_LoaderInterface',
  60 => 'Twig_Markup',
  61 => 'Twig_Template',
  62 => 'Monolog\\Formatter\\FormatterInterface',
  63 => 'Monolog\\Formatter\\LineFormatter',
  64 => 'Monolog\\Handler\\HandlerInterface',
  65 => 'Monolog\\Handler\\AbstractHandler',
  66 => 'Monolog\\Handler\\AbstractProcessingHandler',
  67 => 'Monolog\\Handler\\StreamHandler',
  68 => 'Monolog\\Handler\\FingersCrossedHandler',
  69 => 'Monolog\\Handler\\FilterHandler',
  70 => 'Monolog\\Handler\\TestHandler',
  71 => 'Monolog\\Logger',
  72 => 'Symfony\\Bridge\\Monolog\\Logger',
  73 => 'Monolog\\Handler\\FingersCrossed\\ActivationStrategyInterface',
  74 => 'Monolog\\Handler\\FingersCrossed\\ErrorLevelActivationStrategy',
  75 => 'Sensio\\Bundle\\FrameworkExtraBundle\\EventListener\\ParamConverterListener',
  76 => 'Sensio\\Bundle\\FrameworkExtraBundle\\Request\\ParamConverter\\DateTimeParamConverter',
  77 => 'Sensio\\Bundle\\FrameworkExtraBundle\\Request\\ParamConverter\\DoctrineParamConverter',
  78 => 'Sensio\\Bundle\\FrameworkExtraBundle\\Request\\ParamConverter\\ParamConverterInterface',
  79 => 'Sensio\\Bundle\\FrameworkExtraBundle\\Request\\ParamConverter\\ParamConverterManager',
  80 => 'Sensio\\Bundle\\FrameworkExtraBundle\\EventListener\\TemplateListener',
  81 => 'Sensio\\Bundle\\FrameworkExtraBundle\\EventListener\\HttpCacheListener',
  82 => 'Sensio\\Bundle\\FrameworkExtraBundle\\EventListener\\SecurityListener',
  83 => 'Sensio\\Bundle\\FrameworkExtraBundle\\Configuration\\ConfigurationAnnotation',
);